====================================================================================
阶段 2 · 抽取：待抽 184 份，已完成跳过 0 份，并发 14
====================================================================================
[  1/184] · 89_FR_96095.txt                                   24 页     5,701 字    0 表    0.1s
[  2/184] · 91_FR_1684.txt                                    64 页    31,025 字    0 表    0.0s
[  3/184] · 90_FR_9604.txt                                    46 页    25,141 字    0 表    0.1s
[  4/184] · 90_FR_5298.txt                                   339 页   170,811 字    0 表    0.1s
[  5/184] · 90_FR_4544.txt                                   514 页   302,591 字    0 表    0.1s
[  6/184] · 89_FR_96790.txt                                  543 页   291,331 字    0 表    0.1s
[  7/184] · CFR-2025-title15-vol2.xml                        381 页 1,464,298 字    0 表    0.6s
[  8/184] · eCFR_774_2024-11-01.xml                          709 页 1,366,754 字    0 表    0.8s
[  9/184] · eCFR_774_2026-09-24.xml                          722 页 1,420,416 字    0 表    0.8s
[ 10/184] · 688008_2025-08-30_澜起科技2025年半年度报告.pdf             188 页   178,046 字  201 表   32.5s
[ 11/184] · 688008_2026-08-29_澜起科技2026年半年度报告.pdf             196 页   181,293 字  214 表   33.8s
[ 12/184] · 603986_2026-08-19_兆易创新2026年半年度报告.pdf             178 页   190,511 字  210 表   36.4s
[ 13/184] · 603986_2025-08-23_兆易创新2025年半年度报告.pdf             179 页   181,878 字  205 表   36.6s
[ 14/184] · 301308_2026-08-11_2026年半年度报告.pdf                 186 页   106,122 字   37 表   42.2s
[ 15/184] · 688008_2025-04-11_澜起科技2024年年度报告.pdf              256 页   242,789 字  262 表   43.1s
[ 16/184] · 688008_2024-08-27_澜起科技2024年半年度报告.pdf             180 页   167,748 字  204 表   43.8s
[ 17/184] · 688008_2026-03-31_澜起科技2025年年度报告.pdf              248 页   249,309 字  250 表   44.1s
[ 18/184] · 603986_2024-08-21_兆易创新2024年半年度报告.pdf             155 页   171,923 字  185 表   45.2s
[ 19/184] · 603986_2025-04-26_兆易创新2024年年度报告.pdf              235 页   251,269 字  277 表   47.3s
[ 20/184] · 688008_2024-04-10_澜起科技2023年年度报告.pdf              241 页   231,356 字  256 表   54.1s
[ 21/184] · 301308_2025-08-23_2025年半年度报告.pdf                 175 页   182,849 字  274 表   24.1s
[ 22/184] · 301308_2026-04-28_2025年年度报告.pdf                  237 页   140,457 字   69 表   57.4s
[ 23/184] · 603986_2024-04-20_兆易创新2023年年度报告.pdf              205 页   233,312 字  262 表   60.1s
[ 24/184] · 603986_2026-03-31_兆易创新2025年年度报告.pdf              219 页   245,453 字  250 表   60.8s
[ 25/184] · 301308_2024-08-27_2024年半年度报告.pdf                 189 页    93,661 字   37 表   37.5s
[ 26/184] · 688525_2026-08-25_2026年半年度报告.pdf                 281 页   218,479 字  242 表   32.8s
[ 27/184] · 301308_2025-05-30_深圳市江波龙电子股份有限公司2024年年度报告（更正后）   237 页   128,262 字   59 表   50.1s
[ 28/184] · 688525_2025-08-11_2025年半年度报告.pdf                 259 页   230,887 字  230 表   40.0s
[ 29/184] · 301308_2025-03-21_2024年年度报告.pdf                  237 页   126,533 字   59 表   49.7s
[ 30/184] · 001309_2025-08-22_2025年半年度报告.pdf                 208 页   226,896 字  255 表   25.5s
[ 31/184] · 001309_2026-08-28_2026年半年度报告.pdf                 233 页   267,587 字  312 表   30.1s
[ 32/184] · 688525_2026-03-20_2025年年度报告.pdf                  305 页   293,736 字  294 表   45.2s
[ 33/184] · 001309_2026-02-28_2025年年度报告.pdf                  259 页   283,520 字  316 表   32.5s
[ 34/184] · 301308_2024-04-22_2023年年度报告.pdf                  238 页   136,879 字   69 表   49.3s
[ 35/184] · 688525_2025-04-30_2024年年度报告.pdf                  315 页   303,502 字  300 表   47.3s
[ 36/184] · 688525_2024-08-23_2024年半年度报告.pdf                 237 页   221,314 字  234 表   46.5s
[ 37/184] · 001309_2024-08-31_2024年半年度报告.pdf                 212 页   205,830 字  251 表   23.1s
[ 38/184] · 688525_2024-04-30_2023年年度报告.pdf                  320 页   264,413 字  292 表   53.0s
[ 39/184] · 001309_2025-04-26_2024年年度报告.pdf                  262 页   166,770 字   57 表   49.8s
[ 40/184] · 688110_2026-08-22_2026年半年度报告.pdf                 204 页   193,938 字  219 表   33.2s
[ 41/184] · 688110_2025-08-23_2025年半年度报告.pdf                 188 页   178,672 字  207 表   31.6s
[ 42/184] · 688766_2025-08-22_普冉半导体（上海）股份有限公司2025年半年度报告.pd   170 页   156,173 字  177 表   26.6s
[ 43/184] · 688766_2026-08-19_普冉半导体（上海）股份有限公司2026年半年度报告.pd   191 页   190,881 字  190 表   28.7s
[ 44/184] · 001309_2024-02-27_2023年年度报告.pdf                  238 页   160,914 字   75 表   45.8s
[ 45/184] · 688110_2026-04-23_2025年年度报告.pdf                  248 页   248,662 字  270 表   39.2s
[ 46/184] · 688110_2025-04-23_2024年年度报告.pdf                  271 页   258,625 字  286 表   40.9s
[ 47/184] · 688110_2024-08-24_2024年半年度报告.pdf                 192 页   178,104 字  223 表   41.0s
[ 48/184] · 688766_2024-08-28_普冉半导体（上海）股份有限公司2024年半年度报告.pd   156 页   147,206 字  158 表   31.1s
[ 49/184] · 688766_2026-03-21_普冉半导体（上海）股份有限公司2025年年度报告.pdf   265 页   269,003 字  265 表   40.9s
[ 50/184] · 688123_2026-08-15_聚辰股份2026年半年度报告.pdf             209 页   161,916 字  199 表   23.5s
[ 51/184] · 688110_2024-04-20_2023年年度报告.pdf                  281 页   236,295 字  304 表   50.9s
[ 52/184] · 688123_2025-08-23_聚辰股份2025年半年度报告.pdf             201 页   157,513 字  202 表   23.3s
[ 53/184] · 688766_2025-03-31_普冉半导体（上海）股份有限公司2024年年度报告.pdf   242 页   233,531 字  236 表   47.2s
[ 54/184] · 300475_2026-08-28_2026年半年度报告.pdf                 156 页   161,751 字  226 表   18.8s
[ 55/184] · 300475_2025-08-27_2025年半年度报告.pdf                 143 页   148,185 字  208 表   17.1s
[ 56/184] · 688123_2026-03-21_聚辰股份2025年年度报告.pdf              263 页   226,284 字  257 表   30.2s
[ 57/184] · 300475_2026-04-24_2025年年度报告.pdf                  180 页   199,807 字  272 表   22.7s
[ 58/184] · 688766_2024-04-16_普冉半导体（上海）股份有限公司2023年年度报告.pdf   210 页   218,474 字  208 表   44.0s
[ 59/184] · 688123_2024-08-10_聚辰股份2024年半年度报告.pdf             199 页   153,825 字  191 表   32.3s
[ 60/184] · 688123_2025-03-25_聚辰股份2024年年度报告.pdf              261 页   222,635 字  254 表   42.8s
[ 61/184] · 300475_2024-08-28_2024年半年度报告.pdf                 133 页    84,518 字   53 表   29.3s
[ 62/184] · 300475_2025-04-08_2024年年度报告.pdf                  220 页   125,230 字   82 表   34.7s
[ 63/184] · 688123_2024-03-30_聚辰股份2023年年度报告.pdf              255 页   212,906 字  261 表   43.1s
[ 64/184] · 000021_2026-08-26_2026年半年度报告.pdf                 145 页   152,223 字  214 表   29.1s
[ 65/184] · 000021_2025-08-28_2025年半年度报告.pdf                 143 页   147,973 字  222 表   28.4s
[ 66/184] · 300475_2024-04-25_2023年年度报告.pdf                  166 页   109,867 字   69 表   36.2s
[ 67/184] · 600667_2026-08-27_2026年半年度报告.pdf                 200 页   197,021 字  238 表   31.7s
[ 68/184] · 000021_2026-04-29_2025年年度报告.pdf                  215 页   229,098 字  325 表   41.0s
[ 69/184] · 000021_2025-04-25_2024年年度报告.pdf                  218 页   275,764 字  305 表   40.2s
[ 70/184] · 600667_2025-08-29_2025年半年度报告.pdf                 199 页   199,755 字  238 表   34.8s
[ 71/184] · 000021_2024-04-11_2023年年度报告.pdf                  223 页   237,806 字  318 表   41.1s
[ 72/184] · 000021_2024-08-30_2024年半年度报告.pdf                 151 页   130,319 字  185 表   44.0s
[ 73/184] · 002409_2025-08-28_2025年半年度报告.pdf                 137 页   156,740 字  221 表   19.2s
[ 74/184] · 600667_2026-04-24_2025年年度报告.pdf                  257 页   270,327 字  308 表   44.5s
[ 75/184] · 002409_2026-08-26_2026年半年度报告.pdf                 141 页    79,168 字   36 表   32.1s
[ 76/184] · 300054_2026-08-26_2026年半年度报告.pdf                 206 页   190,657 字  221 表   21.7s
[ 77/184] · 600667_2025-04-26_2024年年度报告.pdf                  272 页   278,464 字  307 表   46.3s
[ 78/184] · 300054_2025-08-22_2025年半年度报告.pdf                 176 页   174,016 字  222 表   23.2s
[ 79/184] · 600667_2024-08-28_2024年半年度报告.pdf                 200 页   191,020 字  228 表   49.8s
[ 80/184] · 002409_2024-08-28_2024年半年度报告.pdf                 131 页    81,034 字   38 表   32.2s
[ 81/184] · 300054_2026-03-27_2025年年度报告.pdf                  231 页   235,299 字  268 表   26.4s
[ 82/184] · 002409_2026-04-28_2025年年度报告.pdf                  197 页   131,708 字   92 表   46.7s
[ 83/184] · 002409_2025-04-28_2024年年度报告.pdf                  205 页   139,532 字   89 表   47.8s
[ 84/184] · 300054_2025-04-29_2024年年度报告.pdf                  205 页   178,103 字   32 表   36.2s
[ 85/184] · 002409_2024-04-27_江苏雅克科技股份有限公司2023年年度报告（更新后）.p   193 页   131,961 字   88 表   43.5s
[ 86/184] · 002409_2024-04-26_2023年年度报告（更新前）.pdf             192 页   131,650 字   89 表   43.7s
[ 87/184] · 600667_2024-04-26_2023年年度报告.pdf                  264 页   264,292 字  305 表   64.8s
[ 88/184] · 300054_2024-08-20_2024年半年度报告.pdf                 173 页   144,630 字  176 表   39.1s
[ 89/184] · 688019_2026-08-27_2026年半年度报告.pdf                 206 页   176,197 字  234 表   27.9s
[ 90/184] · 688019_2025-08-26_2025年半年度报告全文.pdf               211 页   164,355 字  216 表   27.6s
[ 91/184] · 300054_2024-04-10_2023年年度报告.pdf                  216 页   195,670 字   45 表   47.7s
[ 92/184] · 688019_2026-04-16_2025年年度报告.pdf                  241 页   229,102 字  275 表   39.2s
[ 93/184] · 688019_2024-08-26_2024年半年度报告.pdf                 206 页   164,557 字  204 表   37.7s
[ 94/184] · 002436_2025-08-27_2025年半年度报告.pdf                 194 页   256,296 字  287 表   28.0s
[ 95/184] · SK hynix Inc._2026_2Q_Consolidated_vf.pdf         72 页   137,183 字    0 表   11.1s
[ 96/184] · 002436_2026-04-25_2025年年度报告.pdf                  234 页   333,856 字  342 表   37.8s
[ 97/184] · SK hynix_2026_1Q_Consolidated_Final_날인.pdf        70 页   125,118 字    0 表   10.1s
[ 98/184] · 688019_2025-04-16_2024年年度报告.pdf                  257 页   229,777 字  280 表   47.0s
[ 99/184] · 002436_2026-08-21_2026年半年度报告.pdf                 187 页   173,916 字   68 表   47.1s
[100/184] · 688019_2024-04-16_2023年年度报告.pdf                  254 页   231,970 字  278 表   48.9s
[101/184] · SK hynix_2025_1Q_Consolidated.pdf                 68 页   117,531 字    0 表    8.5s
[102/184] · SK hynix Inc._2025_2Q_Consolidated.pdf            69 页   126,534 字    0 表   10.1s
[103/184] · SK hynix Inc._2025_3Q_Consolidated.pdf            70 页   129,623 字    0 表   11.2s
[104/184] · SK hynix Inc._2025_4Q_Consolidated_Final_Clean   113 页   199,631 字    1 表   16.0s
[105/184] · SK hynix Inc._2025_4Q_Separate_Final_Clean_날인.   100 页   181,489 字    0 表   14.5s
[106/184] · 2Q26_Earnings Presentation_ENG.pdf                19 页    11,627 字    7 表    1.5s
[107/184] · 1Q26_Earnings Presentation_ENG.pdf                19 页    10,887 字    7 表    1.4s
[108/184] · 4Q25_Earnings Presentation_ENG.pdf                21 页    10,545 字    8 表    1.7s
[109/184] · 3Q25_Earnings Presentation_ENG.pdf                18 页     8,736 字    7 表    1.5s
[110/184] · 2Q25_Earnings Presentation_ENG.pdf                18 页     8,364 字    7 表    1.3s
[111/184] · 1Q25_Earnings Presentation_ENG.pdf                18 页     8,545 字    7 表    1.3s
[112/184] · 4Q24_Earnings Presentation_ENG.pdf                23 页    11,158 字    7 表    1.7s
[113/184] · 3Q24_Earnings Presentation_ENG.pdf                18 页     8,990 字    7 表    1.3s
[114/184] · 002436_2024-08-28_2024年半年度报告.pdf                 195 页   168,134 字   78 表   45.5s
[115/184] · 2Q24_Earnings Presentation_ENG.pdf                19 页     9,999 字    6 表    1.4s
[116/184] · 10Q_2026-06-25_0000723125-26-000015.htm          739 页   243,284 字   38 表    0.5s
[117/184] · 1Q24_Earnings Presentation_ENG.pdf                20 页    10,512 字    6 表    1.3s
[118/184] · 10Q_2026-03-19_0000723125-26-000006.htm          727 页   239,300 字   38 表    0.4s
[119/184] · 10Q_2025-12-18_0000723125-25-000046.htm          735 页   224,573 字   44 表    0.3s
[120/184] · 10Q_2025-06-26_0000723125-25-000021.htm          744 页   245,949 字   43 表    0.5s
[121/184] · 10K_2025-10-03_0000723125-25-000028.htm         1180 页   394,142 字   69 表    0.7s
[122/184] · 10Q_2024-12-19_0000723125-24-000047.htm          701 页   211,320 字   41 表    0.4s
[123/184] · 10Q_2025-03-21_0000723125-25-000009.htm          731 页   236,637 字   43 表    0.4s
[124/184] · 10K_2024-10-04_0000723125-24-000027.htm         1112 页   363,234 字   65 表    0.6s
[125/184] · 10K_2023-10-06_0000723125-23-000054.htm         1085 页   356,306 字   66 表    0.6s
[126/184] · SK hynix Inc._2024_3Q_Consolidated.PDF            70 页   130,711 字    0 表   11.3s
[127/184] · 10K_2022-10-07_0000723125-22-000048.htm         1064 页   350,778 字   65 表    0.6s
[128/184] · 10K_2021-10-08_0000723125-21-000065.htm          976 页   365,569 字   66 表    0.6s
[129/184] · SK hynix_2024_1Q_Consolidated.PDF                 66 页   116,448 字    1 表    9.2s
[130/184] · SK hynix Inc._FY24 Audit Report_Consolidated .   108 页   201,220 字    1 表   16.2s
[131/184] · 10K_2020-10-19_0000723125-20-000082.htm          945 页   368,597 字   69 表    0.7s
[132/184] · SK hynix Inc._2024_2Q_Consolidated.PDF            70 页   128,066 字    1 表   10.5s
[133/184] · SK hynix Inc._FY24 Audit Report_Separate.PDF      96 页   178,436 字    1 表   14.6s
[134/184] · 002436_2024-04-25_2023年年度报告.pdf                  241 页   232,269 字  126 表   58.9s
[135/184] · 002436_2025-04-25_2024年年度报告.pdf                  251 页   254,919 字  118 表   61.9s
[136/184] · 301308_2025-08-23_江波龙：2025年半年度报告.PDF             175 页   182,849 字  274 表   21.5s
[137/184] · 301308_2024-08-27_江波龙：2024年半年度报告.PDF             189 页    93,661 字   37 表   34.4s
[138/184] · 301308_2026-08-11_江波龙：2026年半年度报告.PDF             186 页   106,122 字   37 表   37.1s
[139/184] · 001309_2026-08-28_德明利：2026年半年度报告.PDF             233 页   267,587 字  312 表   28.4s
[140/184] · 001309_2026-02-28_德明利：2025年年度报告.PDF              259 页   283,520 字  316 表   30.5s
[141/184] · 001309_2025-08-22_德明利：2025年半年度报告.PDF             208 页   226,896 字  255 表   24.0s
[142/184] · 301308_2025-05-30_江波龙：深圳市江波龙电子股份有限公司2024年年度报告（   237 页   128,262 字   59 表   45.6s
[143/184] · 301308_2025-03-21_江波龙：2024年年度报告.PDF              237 页   126,533 字   59 表   46.0s
[144/184] · 301308_2024-04-22_江波龙：2023年年度报告.PDF              238 页   136,879 字   69 表   45.8s
[145/184] · 301308_2026-04-28_江波龙：2025年年度报告.PDF              237 页   140,457 字   69 表   50.1s
[146/184] · 2024_Half_Interim_Report.pdf                     287 页   800,137 字  212 表   91.8s
[147/184] · 001309_2024-08-31_德明利：2024年半年度报告.PDF             212 页   205,830 字  251 表   22.1s
[148/184] · 300475_2026-08-28_香农芯创：2026年半年度报告.PDF            156 页   161,751 字  226 表   18.8s
[149/184] · 300475_2025-08-27_香农芯创：2025年半年度报告.PDF            143 页   148,185 字  208 表   17.5s
[150/184] · 300475_2026-04-24_香农芯创：2025年年度报告.PDF             180 页   199,807 字  272 表   23.1s
[151/184] · 300475_2024-08-28_香农芯创：2024年半年度报告.PDF            133 页    84,518 字   53 表   29.5s
[152/184] · 000021_2026-08-26_深科技：2026年半年度报告.PDF             145 页   152,223 字  214 表   29.4s
[153/184] · 300475_2025-04-08_香农芯创：2024年年度报告.PDF             220 页   125,230 字   82 表   35.2s
[154/184] · 2025_Half_Interim_Report.pdf                     270 页   797,116 字  223 表  122.3s
[155/184] · 001309_2025-04-26_德明利：2024年年度报告.PDF              262 页   166,770 字   57 表   48.2s
[156/184] · 001309_2024-02-27_德明利：2023年年度报告.PDF              238 页   160,914 字   75 表   44.4s
[157/184] · 300475_2024-04-25_香农芯创：2023年年度报告.PDF             166 页   109,867 字   69 表   36.5s
[158/184] · 000021_2025-08-28_深科技：2025年半年度报告.PDF             143 页   147,973 字  222 表   28.4s
[159/184] · 000021_2026-04-29_深科技：2025年年度报告.PDF              215 页   229,098 字  325 表   40.6s
[160/184] · 002409_2025-08-28_雅克科技：2025年半年度报告.PDF            137 页   156,740 字  221 表   19.1s
[161/184] · 000021_2025-04-25_深科技：2024年年度报告.PDF              218 页   275,764 字  305 表   39.8s
[162/184] · 2026_Half_Interim_Report.pdf                     323 页 1,011,616 字  257 表  145.2s
[163/184] · 002409_2026-08-26_雅克科技：2026年半年度报告.PDF            141 页    79,168 字   36 表   31.9s
[164/184] · 000021_2024-08-30_深科技：2024年半年度报告.PDF             151 页   130,319 字  185 表   44.5s
[165/184] · 002409_2024-08-28_雅克科技：2024年半年度报告.PDF            131 页    81,034 字   38 表   31.4s
[166/184] · 000021_2024-04-11_深科技：2023年年度报告.PDF              223 页   237,806 字  318 表   40.4s
[167/184] · 300054_2026-08-26_鼎龙股份：2026年半年度报告.PDF            206 页   190,657 字  221 表   21.4s
[168/184] · 300054_2025-08-22_鼎龙股份：2025年半年度报告.PDF            176 页   174,016 字  222 表   23.0s
[169/184] · 002409_2026-04-28_雅克科技：2025年年度报告.PDF             197 页   131,708 字   92 表   45.9s
[170/184] · 300054_2026-03-27_鼎龙股份：2025年年度报告.PDF             231 页   235,299 字  268 表   26.3s
[171/184] · 002409_2024-04-27_雅克科技：江苏雅克科技股份有限公司2023年年度报告（更   193 页   131,961 字   88 表   43.4s
[172/184] · 002409_2025-04-28_雅克科技：2024年年度报告.PDF             205 页   139,532 字   89 表   47.3s
[173/184] · 002409_2024-04-26_雅克科技：2023年年度报告（更新前）.PDF        192 页   131,650 字   89 表   42.8s
[174/184] · 2024_4Q_Interim_Report.pdf                       407 页 1,019,471 字  264 表  138.1s
[175/184] · 300054_2025-04-29_鼎龙股份：2024年年度报告.PDF             205 页   178,103 字   32 表   33.0s
[176/184] · 002436_2025-08-27_兴森科技：2025年半年度报告.PDF            194 页   256,296 字  287 表   23.1s
[177/184] · 300054_2024-08-20_鼎龙股份：2024年半年度报告.PDF            173 页   144,630 字  176 表   33.8s
[178/184] · 2025_4Q_Interim_Report.pdf                       358 页 1,031,313 字  278 表  151.2s
[179/184] · 002436_2026-04-25_兴森科技：2025年年度报告.PDF             234 页   333,856 字  342 表   30.2s
[180/184] · 300054_2024-04-10_鼎龙股份：2023年年度报告.PDF             216 页   195,670 字   45 表   37.8s
[181/184] · 002436_2026-08-21_兴森科技：2026年半年度报告.PDF            187 页   173,916 字   68 表   36.3s
[182/184] · 002436_2024-08-28_兴森科技：2024年半年度报告.PDF            195 页   168,134 字   78 表   28.8s
[183/184] · 002436_2024-04-25_兴森科技：2023年年度报告.PDF             241 页   232,269 字  126 表   34.0s
[184/184] · 002436_2025-04-25_兴森科技：2024年年度报告.PDF             251 页   254,919 字  118 表   36.7s
Consider using the pymupdf_layout package for a greatly improved page layout analysis.
Consider using the pymupdf_layout package for a greatly improved page layout analysis.
Consider using the pymupdf_layout package for a greatly improved page layout analysis.
Consider using the pymupdf_layout package for a greatly improved page layout analysis.
Consider using the pymupdf_layout package for a greatly improved page layout analysis.
Consider using the pymupdf_layout package for a greatly improved page layout analysis.
Consider using the pymupdf_layout package for a greatly improved page layout analysis.
Consider using the pymupdf_layout package for a greatly improved page layout analysis.
Consider using the pymupdf_layout package for a greatly improved page layout analysis.
Consider using the pymupdf_layout package for a greatly improved page layout analysis.
Consider using the pymupdf_layout package for a greatly improved page layout analysis.
Consider using the pymupdf_layout package for a greatly improved page layout analysis.
Consider using the pymupdf_layout package for a greatly improved page layout analysis.
Consider using the pymupdf_layout package for a greatly improved page layout analysis.
------------------------------------------------------------------------------------
完成 184/184，用时 438.7s（2.4s/份）
合计 45,279 页/块，40,744,219 字，27,511 张表
索引 D:\ai_homework3\data\stage2_index.jsonl；报告 D:\ai_homework3\data\stage2_报告.md
