====================================================================================
阶段 2 · 抽取：待抽 176 份，已完成跳过 8 份，并发 14
====================================================================================
[  1/176] · 89_FR_96095.txt                                   24 页     5,701 字    0 表    0.1s
[  2/176] · 90_FR_9604.txt                                    46 页    25,141 字    0 表    0.0s
[  3/176] · 91_FR_1684.txt                                    64 页    31,025 字    0 表    0.1s
[  4/176] · 89_FR_96790.txt                                  543 页   291,331 字    0 表    0.1s
[  5/176] · 90_FR_5298.txt                                   339 页   170,811 字    0 表    0.1s
[  6/176] · 90_FR_4544.txt                                   514 页   302,591 字    0 表    0.1s
[  7/176] · CFR-2025-title15-vol2.xml                        381 页 1,464,298 字    0 表    0.4s
[  8/176] · eCFR_774_2024-11-01.xml                          709 页 1,366,754 字    0 表    0.6s
[  9/176] · eCFR_774_2026-09-24.xml                          722 页 1,420,416 字    0 表    0.7s
[ 10/176] · 688008_2025-08-30_澜起科技2025年半年度报告.pdf             188 页   180,532 字  201 表   28.2s
[ 11/176] · 688008_2026-08-29_澜起科技2026年半年度报告.pdf             196 页   183,642 字  214 表   29.0s
[ 12/176] · 603986_2026-08-19_兆易创新2026年半年度报告.pdf             178 页   194,493 字  210 表   31.2s
[ 13/176] · 603986_2025-08-23_兆易创新2025年半年度报告.pdf             179 页   185,414 字  205 表   31.5s
[ 14/176] · 301308_2026-08-11_2026年半年度报告.pdf                 186 页   106,690 字   37 表   36.7s
[ 15/176] · 688008_2026-03-31_澜起科技2025年年度报告.pdf              248 页   252,510 字  250 表   37.6s
[ 16/176] · 688008_2024-08-27_澜起科技2024年半年度报告.pdf             180 页   171,723 字  204 表   37.8s
[ 17/176] · 688008_2025-04-11_澜起科技2024年年度报告.pdf              256 页   246,836 字  262 表   38.0s
[ 18/176] · 603986_2024-08-21_兆易创新2024年半年度报告.pdf             155 页   175,841 字  185 表   38.5s
[ 19/176] · 603986_2025-04-26_兆易创新2024年年度报告.pdf              235 页   255,525 字  277 表   40.7s
[ 20/176] · 688008_2024-04-10_澜起科技2023年年度报告.pdf              241 页   236,891 字  256 表   46.5s
[ 21/176] · 301308_2025-08-23_2025年半年度报告.pdf                 175 页   184,966 字  274 表   20.6s
[ 22/176] · 301308_2026-04-28_2025年年度报告.pdf                  237 页   141,721 字   69 表   49.6s
[ 23/176] · 603986_2026-03-31_兆易创新2025年年度报告.pdf              219 页   252,209 字  250 表   51.5s
[ 24/176] · 603986_2024-04-20_兆易创新2023年年度报告.pdf              205 页   238,813 字  262 表   51.3s
[ 25/176] · 301308_2024-08-27_2024年半年度报告.pdf                 189 页    94,295 字   37 表   34.0s
[ 26/176] · 688525_2026-08-25_2026年半年度报告.pdf                 281 页   220,744 字  242 表   29.6s
[ 27/176] · 301308_2025-05-30_深圳市江波龙电子股份有限公司2024年年度报告（更正后）   237 页   129,791 字   59 表   44.5s
[ 28/176] · 688525_2025-08-11_2025年半年度报告.pdf                 259 页   234,325 字  230 表   35.7s
[ 29/176] · 001309_2025-08-22_2025年半年度报告.pdf                 208 页   229,666 字  255 表   23.7s
[ 30/176] · 301308_2025-03-21_2024年年度报告.pdf                  237 页   128,062 字   59 表   44.8s
[ 31/176] · 001309_2026-08-28_2026年半年度报告.pdf                 233 页   270,661 字  312 表   27.9s
[ 32/176] · 688525_2026-03-20_2025年年度报告.pdf                  305 页   297,983 字  294 表   41.6s
[ 33/176] · 001309_2026-02-28_2025年年度报告.pdf                  259 页   286,805 字  316 表   30.2s
[ 34/176] · 688525_2025-04-30_2024年年度报告.pdf                  315 页   307,684 字  300 表   43.1s
[ 35/176] · 301308_2024-04-22_2023年年度报告.pdf                  238 页   138,110 字   69 表   45.6s
[ 36/176] · 688525_2024-08-23_2024年半年度报告.pdf                 237 页   226,228 字  234 表   43.8s
[ 37/176] · 001309_2024-08-31_2024年半年度报告.pdf                 212 页   208,109 字  251 表   22.1s
[ 38/176] · 688525_2024-04-30_2023年年度报告.pdf                  320 页   268,503 字  292 表   50.0s
[ 39/176] · 001309_2025-04-26_2024年年度报告.pdf                  262 页   168,054 字   57 表   47.6s
[ 40/176] · 688110_2025-08-23_2025年半年度报告.pdf                 188 页   182,540 字  207 表   30.4s
[ 41/176] · 688110_2026-08-22_2026年半年度报告.pdf                 204 页   197,979 字  219 表   32.3s
[ 42/176] · 688766_2026-08-19_普冉半导体（上海）股份有限公司2026年半年度报告.pd   191 页   194,689 字  190 表   27.4s
[ 43/176] · 688766_2025-08-22_普冉半导体（上海）股份有限公司2025年半年度报告.pd   170 页   158,934 字  177 表   25.4s
[ 44/176] · 001309_2024-02-27_2023年年度报告.pdf                  238 页   162,698 字   75 表   43.4s
[ 45/176] · 688110_2026-04-23_2025年年度报告.pdf                  248 页   253,962 字  270 表   38.0s
[ 46/176] · 688110_2025-04-23_2024年年度报告.pdf                  271 页   264,367 字  286 表   39.8s
[ 47/176] · 688110_2024-08-24_2024年半年度报告.pdf                 192 页   183,167 字  223 表   40.4s
[ 48/176] · 688766_2024-08-28_普冉半导体（上海）股份有限公司2024年半年度报告.pd   156 页   151,725 字  158 表   30.4s
[ 49/176] · 688766_2026-03-21_普冉半导体（上海）股份有限公司2025年年度报告.pdf   265 页   274,211 字  265 表   39.0s
[ 50/176] · 688123_2026-08-15_聚辰股份2026年半年度报告.pdf             209 页   163,672 字  199 表   22.1s
[ 51/176] · 688110_2024-04-20_2023年年度报告.pdf                  281 页   242,764 字  304 表   48.8s
[ 52/176] · 688123_2025-08-23_聚辰股份2025年半年度报告.pdf             201 页   159,129 字  202 表   22.7s
[ 53/176] · 300475_2026-08-28_2026年半年度报告.pdf                 156 页   163,130 字  226 表   18.5s
[ 54/176] · 688766_2025-03-31_普冉半导体（上海）股份有限公司2024年年度报告.pdf   242 页   240,449 字  236 表   46.6s
[ 55/176] · 300475_2025-08-27_2025年半年度报告.pdf                 143 页   150,078 字  208 表   17.2s
[ 56/176] · 688123_2026-03-21_聚辰股份2025年年度报告.pdf              263 页   228,870 字  257 表   30.4s
[ 57/176] · 300475_2026-04-24_2025年年度报告.pdf                  180 页   202,003 字  272 表   23.2s
[ 58/176] · 688766_2024-04-16_普冉半导体（上海）股份有限公司2023年年度报告.pdf   210 页   224,206 字  208 表   43.5s
[ 59/176] · 688123_2024-08-10_聚辰股份2024年半年度报告.pdf             199 页   155,377 字  191 表   33.0s
[ 60/176] · 300475_2024-08-28_2024年半年度报告.pdf                 133 页    84,751 字   53 表   30.4s
[ 61/176] · 688123_2025-03-25_聚辰股份2024年年度报告.pdf              261 页   225,182 字  254 表   43.2s
[ 62/176] · 300475_2025-04-08_2024年年度报告.pdf                  220 页   126,161 字   82 表   35.5s
[ 63/176] · 688123_2024-03-30_聚辰股份2023年年度报告.pdf              255 页   215,353 字  261 表   44.0s
[ 64/176] · 000021_2026-08-26_2026年半年度报告.pdf                 145 页   153,379 字  214 表   29.7s
[ 65/176] · 300475_2024-04-25_2023年年度报告.pdf                  166 页   110,751 字   69 表   37.0s
[ 66/176] · 000021_2025-08-28_2025年半年度报告.pdf                 143 页   149,426 字  222 表   29.6s
[ 67/176] · 600667_2026-08-27_2026年半年度报告.pdf                 200 页   198,893 字  238 表   31.9s
[ 68/176] · 000021_2026-04-29_2025年年度报告.pdf                  215 页   232,062 字  325 表   42.5s
[ 69/176] · 000021_2025-04-25_2024年年度报告.pdf                  218 页   278,111 字  305 表   40.9s
[ 70/176] · 600667_2025-08-29_2025年半年度报告.pdf                 199 页   202,258 字  238 表   35.1s
[ 71/176] · 000021_2024-04-11_2023年年度报告.pdf                  223 页   240,221 字  318 表   41.4s
[ 72/176] · 002409_2025-08-28_2025年半年度报告.pdf                 137 页   158,095 字  221 表   19.2s
[ 73/176] · 000021_2024-08-30_2024年半年度报告.pdf                 151 页   131,318 字  185 表   45.4s
[ 74/176] · 600667_2026-04-24_2025年年度报告.pdf                  257 页   274,027 字  308 表   44.7s
[ 75/176] · 002409_2026-08-26_2026年半年度报告.pdf                 141 页    79,603 字   36 表   32.4s
[ 76/176] · 600667_2025-04-26_2024年年度报告.pdf                  272 页   282,463 字  307 表   45.6s
[ 77/176] · 300054_2026-08-26_2026年半年度报告.pdf                 206 页   194,123 字  221 表   21.4s
[ 78/176] · 300054_2025-08-22_2025年半年度报告.pdf                 176 页   176,889 字  222 表   23.4s
[ 79/176] · 600667_2024-08-28_2024年半年度报告.pdf                 200 页   194,523 字  228 表   50.5s
[ 80/176] · 002409_2024-08-28_2024年半年度报告.pdf                 131 页    81,692 字   38 表   32.0s
[ 81/176] · 300054_2026-03-27_2025年年度报告.pdf                  231 页   239,622 字  268 表   27.0s
[ 82/176] · 002409_2026-04-28_2025年年度报告.pdf                  197 页   133,431 字   92 表   47.4s
[ 83/176] · 002409_2025-04-28_2024年年度报告.pdf                  205 页   141,647 字   89 表   48.3s
[ 84/176] · 002409_2024-04-27_江苏雅克科技股份有限公司2023年年度报告（更新后）.p   193 页   134,097 字   88 表   43.9s
[ 85/176] · 002409_2024-04-26_2023年年度报告（更新前）.pdf             192 页   133,787 字   89 表   43.8s
[ 86/176] · 300054_2025-04-29_2024年年度报告.pdf                  205 页   186,284 字   32 表   36.8s
[ 87/176] · 600667_2024-04-26_2023年年度报告.pdf                  264 页   269,411 字  305 表   65.7s
[ 88/176] · 300054_2024-08-20_2024年半年度报告.pdf                 173 页   146,258 字  176 表   39.8s
[ 89/176] · 688019_2026-08-27_2026年半年度报告.pdf                 206 页   179,572 字  234 表   28.6s
[ 90/176] · 688019_2025-08-26_2025年半年度报告全文.pdf               211 页   167,564 字  216 表   27.5s
[ 91/176] · 300054_2024-04-10_2023年年度报告.pdf                  216 页   204,703 字   45 表   47.9s
[ 92/176] · SK hynix Inc._2026_2Q_Consolidated_vf.pdf         72 页   148,655 字    0 表   10.7s
[ 93/176] · SK hynix_2026_1Q_Consolidated_Final_날인.pdf        70 页   134,453 字    0 表   10.0s
[ 94/176] · 688019_2026-04-16_2025年年度报告.pdf                  241 页   233,102 字  275 表   38.8s
[ 95/176] · 688019_2024-08-26_2024年半年度报告.pdf                 206 页   169,283 字  204 表   37.7s
[ 96/176] · 002436_2025-08-27_2025年半年度报告.pdf                 194 页   258,447 字  287 表   27.4s
[ 97/176] · SK hynix Inc._2025_4Q_Consolidated_Final_Clean   113 页   214,369 字    1 表   15.8s
[ 98/176] · SK hynix_2025_1Q_Consolidated.pdf                 68 页   121,454 字    0 表    8.4s
[ 99/176] · 002436_2026-04-25_2025年年度报告.pdf                  234 页   337,214 字  342 表   37.2s
[100/176] · SK hynix Inc._2025_2Q_Consolidated.pdf            69 页   137,693 字    0 表   10.0s
[101/176] · SK hynix Inc._2025_3Q_Consolidated.pdf            70 页   140,590 字    0 表   11.0s
[102/176] · 2Q26_Earnings Presentation_ENG.pdf                19 页    11,632 字    7 表    1.5s
====================================================================================
阶段 2 · 抽取：待抽 74 份，已完成跳过 110 份，并发 14
====================================================================================
[  1/74] · 1Q26_Earnings Presentation_ENG.pdf                19 页    10,892 字    7 表    1.7s
[  2/74] · 4Q25_Earnings Presentation_ENG.pdf                21 页    10,552 字    8 表    1.9s
[  3/74] · 3Q25_Earnings Presentation_ENG.pdf                18 页     8,740 字    7 表    1.3s
[  4/74] · 2Q25_Earnings Presentation_ENG.pdf                18 页     8,367 字    7 表    1.2s
[  5/74] · 1Q25_Earnings Presentation_ENG.pdf                18 页     8,546 字    7 表    1.2s
[  6/74] · 4Q24_Earnings Presentation_ENG.pdf                23 页    11,167 字    7 表    1.5s
[  7/74] · 3Q24_Earnings Presentation_ENG.pdf                18 页     8,997 字    7 表    1.3s
[  8/74] · 2Q24_Earnings Presentation_ENG.pdf                19 页    10,023 字    6 表    1.4s
[  9/74] · 10K_2025-10-03_0000723125-25-000028.htm         1180 页   394,142 字   69 表    0.7s
[ 10/74] · 1Q24_Earnings Presentation_ENG.pdf                20 页    10,522 字    6 表    1.3s
[ 11/74] · 10Q_2025-06-26_0000723125-25-000021.htm          744 页   245,949 字   43 表    0.5s
[ 12/74] · 10Q_2025-03-21_0000723125-25-000009.htm          731 页   236,637 字   43 表    0.5s
[ 13/74] · 10Q_2024-12-19_0000723125-24-000047.htm          701 页   211,320 字   41 表    0.4s
[ 14/74] · 10K_2024-10-04_0000723125-24-000027.htm         1112 页   363,234 字   65 表    0.7s
[ 15/74] · 10K_2023-10-06_0000723125-23-000054.htm         1085 页   356,306 字   66 表    0.7s
[ 16/74] · 10K_2022-10-07_0000723125-22-000048.htm         1064 页   350,769 字   65 表    0.7s
[ 17/74] · 10K_2021-10-08_0000723125-21-000065.htm          976 页   365,558 字   66 表    0.7s
[ 18/74] · SK hynix_2024_1Q_Consolidated.PDF                 66 页   125,643 字    1 表    9.4s
[ 19/74] · 10K_2020-10-19_0000723125-20-000082.htm          945 页   368,595 字   69 表    0.8s
[ 20/74] · SK hynix Inc._2024_2Q_Consolidated.PDF            70 页   139,052 字    1 表   10.3s
[ 21/74] · SK hynix Inc._2024_3Q_Consolidated.PDF            70 页   141,211 字    0 表   11.5s
[ 22/74] · SK hynix Inc._FY24 Audit Report_Separate.PDF      96 页   190,663 字    1 表   14.7s
[ 23/74] · SK hynix Inc._2025_4Q_Separate_Final_Clean_날인.   100 页   193,952 字    0 表   14.8s
[ 24/74] · SK hynix Inc._FY24 Audit Report_Consolidated .   108 页   216,019 字    1 表   16.4s
[ 25/74] · 301308_2025-08-23_江波龙：2025年半年度报告.PDF             175 页   184,966 字  274 表   22.2s
[ 26/74] · 001309_2026-08-28_德明利：2026年半年度报告.PDF             233 页   270,661 字  312 表   29.8s
[ 27/74] · 002436_2024-08-28_2024年半年度报告.pdf                 195 页   171,042 字   78 表   46.9s
[ 28/74] · 301308_2026-08-11_江波龙：2026年半年度报告.PDF             186 页   106,690 字   37 表   38.5s
[ 29/74] · 688019_2025-04-16_2024年年度报告.pdf                  257 页   236,054 字  280 表   48.6s
[ 30/74] · 002436_2026-08-21_2026年半年度报告.pdf                 187 页   174,520 字   68 表   48.9s
[ 31/74] · 301308_2024-08-27_江波龙：2024年半年度报告.PDF             189 页    94,295 字   37 表   36.0s
[ 32/74] · 688019_2024-04-16_2023年年度报告.pdf                  254 页   238,082 字  278 表   51.4s
[ 33/74] · 301308_2025-05-30_江波龙：深圳市江波龙电子股份有限公司2024年年度报告（   237 页   129,791 字   59 表   48.2s
[ 34/74] · 301308_2025-03-21_江波龙：2024年年度报告.PDF              237 页   128,062 字   59 表   49.2s
[ 35/74] · 002436_2024-04-25_2023年年度报告.pdf                  241 页   235,874 字  126 表   61.7s
[ 36/74] · 301308_2026-04-28_江波龙：2025年年度报告.PDF              237 页   141,721 字   69 表   52.7s
[ 37/74] · 301308_2024-04-22_江波龙：2023年年度报告.PDF              238 页   138,110 字   69 表   48.5s
[ 38/74] · 001309_2026-02-28_德明利：2025年年度报告.PDF              259 页   286,805 字  316 表   32.4s
[ 39/74] · 002436_2025-04-25_2024年年度报告.pdf                  251 页   258,643 字  118 表   64.7s
[ 40/74] · 300475_2026-08-28_香农芯创：2026年半年度报告.PDF            156 页   163,130 字  226 表   20.2s
[ 41/74] · 300475_2025-08-27_香农芯创：2025年半年度报告.PDF            143 页   150,078 字  208 表   18.8s
[ 42/74] · 001309_2024-08-31_德明利：2024年半年度报告.PDF             212 页   208,109 字  251 表   24.2s
[ 43/74] · 001309_2025-08-22_德明利：2025年半年度报告.PDF             208 页   229,666 字  255 表   26.2s
[ 44/74] · 300475_2026-04-24_香农芯创：2025年年度报告.PDF             180 页   202,003 字  272 表   24.7s
[ 45/74] · 300475_2024-08-28_香农芯创：2024年半年度报告.PDF            133 页    84,751 字   53 表   31.4s
[ 46/74] · 000021_2026-08-26_深科技：2026年半年度报告.PDF             145 页   153,379 字  214 表   31.7s
[ 47/74] · 000021_2025-08-28_深科技：2025年半年度报告.PDF             143 页   149,426 字  222 表   30.3s
[ 48/74] · 002409_2025-08-28_雅克科技：2025年半年度报告.PDF            137 页   158,095 字  221 表   19.7s
[ 49/74] · 001309_2024-02-27_德明利：2023年年度报告.PDF              238 页   162,698 字   75 表   46.8s
[ 50/74] · 300475_2025-04-08_香农芯创：2024年年度报告.PDF             220 页   126,161 字   82 表   37.3s
[ 51/74] · 001309_2025-04-26_德明利：2024年年度报告.PDF              262 页   168,054 字   57 表   51.4s
[ 52/74] · 300475_2024-04-25_香农芯创：2023年年度报告.PDF             166 页   110,751 字   69 表   39.0s
[ 53/74] · 002409_2026-08-26_雅克科技：2026年半年度报告.PDF            141 页    79,603 字   36 表   33.8s
[ 54/74] · 000021_2025-04-25_深科技：2024年年度报告.PDF              218 页   278,111 字  305 表   42.2s
[ 55/74] · 000021_2026-04-29_深科技：2025年年度报告.PDF              215 页   232,062 字  325 表   43.8s
[ 56/74] · 000021_2024-04-11_深科技：2023年年度报告.PDF              223 页   240,221 字  318 表   42.6s
[ 57/74] · 000021_2024-08-30_深科技：2024年半年度报告.PDF             151 页   131,318 字  185 表   46.8s
[ 58/74] · 300054_2026-08-26_鼎龙股份：2026年半年度报告.PDF            206 页   194,123 字  221 表   22.2s
[ 59/74] · 002409_2026-04-28_雅克科技：2025年年度报告.PDF             197 页   133,431 字   92 表   48.6s
[ 60/74] · 300054_2025-08-22_鼎龙股份：2025年半年度报告.PDF            176 页   176,889 字  222 表   23.9s
[ 61/74] · 300054_2026-03-27_鼎龙股份：2025年年度报告.PDF             231 页   239,622 字  268 表   27.4s
[ 62/74] · 002409_2024-08-28_雅克科技：2024年半年度报告.PDF            131 页    81,692 字   38 表   32.8s
[ 63/74] · 300054_2025-04-29_鼎龙股份：2024年年度报告.PDF             205 页   186,284 字   32 表   35.4s
[ 64/74] · 002409_2024-04-27_雅克科技：江苏雅克科技股份有限公司2023年年度报告（更   193 页   134,097 字   88 表   42.5s
[ 65/74] · 002409_2024-04-26_雅克科技：2023年年度报告（更新前）.PDF        192 页   133,787 字   89 表   42.5s
[ 66/74] · 002409_2025-04-28_雅克科技：2024年年度报告.PDF             205 页   141,647 字   89 表   46.8s
[ 67/74] · 002436_2025-08-27_兴森科技：2025年半年度报告.PDF            194 页   258,447 字  287 表   24.6s
[ 68/74] · 300054_2024-08-20_鼎龙股份：2024年半年度报告.PDF            173 页   146,258 字  176 表   35.5s
[ 69/74] · 002436_2026-04-25_兴森科技：2025年年度报告.PDF             234 页   337,214 字  342 表   31.1s
[ 70/74] · 002436_2026-08-21_兴森科技：2026年半年度报告.PDF            187 页   174,520 字   68 表   38.9s
[ 71/74] · 300054_2024-04-10_鼎龙股份：2023年年度报告.PDF             216 页   204,703 字   45 表   39.2s
[ 72/74] · 002436_2024-08-28_兴森科技：2024年半年度报告.PDF            195 页   171,042 字   78 表   29.9s
[ 73/74] · 002436_2025-04-25_兴森科技：2024年年度报告.PDF             251 页   258,643 字  118 表   38.6s
[ 74/74] · 002436_2024-04-25_兴森科技：2023年年度报告.PDF             241 页   235,874 字  126 表   34.8s
Consider using the pymupdf_layout package for a greatly improved page layout analysis.
Consider using the pymupdf_layout package for a greatly improved page layout analysis.
Consider using the pymupdf_layout package for a greatly improved page layout analysis.
Consider using the pymupdf_layout package for a greatly improved page layout analysis.
Consider using the pymupdf_layout package for a greatly improved page layout analysis.
Consider using the pymupdf_layout package for a greatly improved page layout analysis.
Consider using the pymupdf_layout package for a greatly improved page layout analysis.
Consider using the pymupdf_layout package for a greatly improved page layout analysis.
Consider using the pymupdf_layout package for a greatly improved page layout analysis.
Consider using the pymupdf_layout package for a greatly improved page layout analysis.
Consider using the pymupdf_layout package for a greatly improved page layout analysis.
Consider using the pymupdf_layout package for a greatly improved page layout analysis.
Consider using the pymupdf_layout package for a greatly improved page layout analysis.
Consider using the pymupdf_layout package for a greatly improved page layout analysis.
------------------------------------------------------------------------------------
完成 74/74，用时 157.7s（2.1s/份）
合计 19,316 页/块，13,018,061 字，8,526 张表
索引 D:\ai_homework3\data\stage2_index.jsonl；报告 D:\ai_homework3\data\stage2_报告.md
